Last login: Tue Oct 28 22:28:42 on ttys000
ggg@MacBook-Air-GGG ~ % mkdir magic-ball
ggg@MacBook-Air-GGG ~ % cd magic-ball
ggg@MacBook-Air-GGG magic-ball % dir
zsh: command not found: dir
ggg@MacBook-Air-GGG magic-ball % ls
ggg@MacBook-Air-GGG magic-ball % # üîÆ –ú–∞–≥–∏—á–µ—Å–∫–∏–π —à–∞—Ä –ø—Ä–µ–¥—Å–∫–∞–∑–∞–Ω–∏–π
# –ê–≤—Ç–æ—Ä: –ê–ª–∏—è

import random

print("üîÆ –î–æ–±—Ä–æ –ø–æ–∂–∞–ª–æ–≤–∞—Ç—å –≤ –ø—Ä–æ–≥—Ä–∞–º–º—É '–ú–∞–≥–∏—á–µ—Å–∫–∏–π –®–∞—Ä –°—É–¥—å–±—ã'!")
print("–ó–∞–¥–∞–π —Å–≤–æ–π –≤–æ–ø—Ä–æ—Å, –∏ —è –¥–∞–º —Ç–µ–±–µ –æ—Ç–≤–µ—Ç...")

question = input("üëâ –¢–≤–æ–π –≤–æ–ø—Ä–æ—Å: ")

answers = [
    "–î–∞, –∫–æ–Ω–µ—á–Ω–æ! ‚ú®",
    "–ù–µ—Ç, –¥–∞–∂–µ –Ω–µ –¥—É–º–∞–π üòÖ",
    "–í–æ–∑–º–æ–∂–Ω–æ... ü§î",
    "–°–ø—Ä–æ—Å–∏ –ø–æ–∑–∂–µ ‚è≥",
    "–õ—É—á—à–µ –Ω–µ –∑–Ω–∞—Ç—å –æ—Ç–≤–µ—Ç üò∂",
    "–°—É–¥—å–±–∞ –≥–æ–≤–æ—Ä–∏—Ç ‚Äî –¥–∞! üí´",
    "–ù–µ —Å–µ–π—á–∞—Å üïê",
    "–û–ø—Ä–µ–¥–µ–ª—ë–Ω–Ω–æ –Ω–µ—Ç ‚ùå",
    "–ü–æ—Ö–æ–∂–µ –Ω–∞ —Ç–æ üí≠",
    "–®–∞–Ω—Å—ã –º–∞–ª—ã, –Ω–æ –µ—Å—Ç—å üåô"
]

print("üîÆ –û—Ç–≤–µ—Ç:", random.choice(answers))
dquote> 
dquote> 
ggg@MacBook-Air-GGG magic-ball % python main.py
zsh: command not found: python
ggg@MacBook-Air-GGG magic-ball % python3 main.py
/Library/Frameworks/Python.framework/Versions/3.14/Resources/Python.app/Contents/MacOS/Python: can't open file '/Users/ggg/magic-ball/main.py': [Errno 2] No such file or directory
ggg@MacBook-Air-GGG magic-ball % ls
ggg@MacBook-Air-GGG magic-ball % cd ~/Desktop/magic-ball
ggg@MacBook-Air-GGG magic-ball % ls
ggg@MacBook-Air-GGG magic-ball % python3 main.py
/Library/Frameworks/Python.framework/Versions/3.14/Resources/Python.app/Contents/MacOS/Python: can't open file '/Users/ggg/Desktop/magic-ball/main.py': [Errno 2] No such file or directory
ggg@MacBook-Air-GGG magic-ball % cd ~/Desktop/magic-ball
ggg@MacBook-Air-GGG magic-ball % touch main.py
ggg@MacBook-Air-GGG magic-ball % code main.py
zsh: command not found: code
ggg@MacBook-Air-GGG magic-ball % python3 main.py
üîÆ –î–æ–±—Ä–æ –ø–æ–∂–∞–ª–æ–≤–∞—Ç—å –≤ –ø—Ä–æ–≥—Ä–∞–º–º—É '–ú–∞–≥–∏—á–µ—Å–∫–∏–π –®–∞—Ä –°—É–¥—å–±—ã'!
üëâ –ó–∞–¥–∞–π —Å–≤–æ–π –≤–æ–ø—Ä–æ—Å: python3 main.py
üîÆ –û—Ç–≤–µ—Ç: –ü–æ–∫–∞ –Ω–µ —è—Å–Ω–æ üîÆ
ggg@MacBook-Air-GGG magic-ball % python3 main.py
ggg@MacBook-Air-GGG magic-ball % python3 main.py
python3 main.py
python3 main.py
python3 main.py




d 
ggg@MacBook-Air-GGG magic-ball % python3 main.py
ggg@MacBook-Air-GGG magic-ball % 
ggg@MacBook-Air-GGG magic-ball % python3 main.py
ggg@MacBook-Air-GGG magic-ball % python3 main.py
ggg@MacBook-Air-GGG magic-ball % python3 main.py
ggg@MacBook-Air-GGG magic-ball % 
ggg@MacBook-Air-GGG magic-ball % 
ggg@MacBook-Air-GGG magic-ball % 
ggg@MacBook-Air-GGG magic-ball % 
ggg@MacBook-Air-GGG magic-ball % d
zsh: command not found: d
ggg@MacBook-Air-GGG magic-ball % ggg@MacBook-Air-GGG magic-ball % python3 main.py
zsh: command not found: ggg@MacBook-Air-GGG
ggg@MacBook-Air-GGG magic-ball % ggg@MacBook-Air-GGG magic-ball % python3 main.p 
zsh: command not found: ggg@MacBook-Air-GGG
ggg@MacBook-Air-GGG magic-ball % python3 main.p
/Library/Frameworks/Python.framework/Versions/3.14/Resources/Python.app/Contents/MacOS/Python: can't open file '/Users/ggg/Desktop/magic-ball/main.p': [Errno 2] No such file or directory
ggg@MacBook-Air-GGG magic-ball % python3 main.py
ggg@MacBook-Air-GGG magic-ball % python3 main.py
  
